================================================================================
IEEE RTS-79 UC模型比较（修复后）
================================================================================
[OK] 加载IEEE RTS-79系统（精准参数）:
  - 发电机: 32台
  - 母线: 24个
  - 支路: 38条
  - 风电场: 2个

================================================================================
1. 准确性UC (DUC) - 确定性模型
================================================================================
求解确定性UC模型...
Set parameter LicenseID to value 2686679
求解状态: Optimal
目标函数值: $1,906,067.81
求解时间: 75.57 秒
python : Traceback (most recent call last):
所在位置 行:1 字符: 1
+ python 测试所有UC模型_修复版.py 2>&1 | tee test_output.txt
+ ~~~~~~~~~~~~~~~~~~~~~~~~~~~
    + CategoryInfo          : NotSpecified: (Traceback (most recent call last) 
   ::String) [], RemoteException
    + FullyQualifiedErrorId : NativeCommandError
 
  File "D:\pythoncode\测试所有UC模型_修复版.py", line 51, in <module>
    print(f"\u2713 求解成功（{duc_time:.1f}秒）")
UnicodeEncodeError: 'gbk' codec can't encode character '\u2713' in position 0: 
illegal multibyte sequence
